Running Standalone Logic Verification...

--- Number Conversion Tests ---
Γ£à [PASS] Vietnamese digits: "mß╗Öt linh mß╗Öt" -> "101"
Γ£à [PASS] Vietnamese 'lß║╗': "hai lß║╗ n─âm" -> "205"
Γ£à [PASS] Vietnamese letter + digit: "─æ├¬ ba" -> "D3"
Γ£à [PASS] Consecutive digits: "mß╗Öt mß╗Öt hai" -> "112"
Γ¥î [FAIL] Letter + digit: "D mß╗Öt" -> "d 1" (Expected to contain "D1")

--- Phonetic Mapping Tests ---
Γ£à [PASS] Phonetic new ride: "niu rai" -> "new ride"
Γ£à [PASS] Phonetic villa: "vi la" -> "villa"
Γ£à [PASS] Phonetic room + number fallback logic check: "r├╣m oan" -> "room 1"

Logic Verification Results: 7 PASSED, 1 FAILED
